#+TITLE: Test File For chaseadamsio/goorgeous
#+AUTHOR: Chase Adams
#+DESCRIPTION: Just another golang parser for org content!
